H:\VecTunes\src\main\java\dev\mrflyn\vectunes\searchmanagers\SpotifySearchManager.java
H:\VecTunes\src\main\java\dev\mrflyn\vectunes\VecTunesAudioSendHandler.java
H:\VecTunes\src\main\java\dev\mrflyn\vectunes\Bot.java
H:\VecTunes\src\main\java\dev\mrflyn\vectunes\PresenceListener.java
H:\VecTunes\src\main\java\dev\mrflyn\vectunes\commandlisteners\PlayCommandListener.java
H:\VecTunes\src\main\java\dev\mrflyn\vectunes\searchmanagers\YouTubeSearchManager.java
H:\VecTunes\src\main\java\dev\mrflyn\vectunes\GUIManager.java
H:\VecTunes\src\main\java\dev\mrflyn\vectunes\commandlisteners\ButtonListener.java
H:\VecTunes\src\main\java\dev\mrflyn\vectunes\VecTunesTrackManager.java
H:\VecTunes\src\main\java\dev\mrflyn\vectunes\StringUtil.java
H:\VecTunes\src\main\java\dev\mrflyn\vectunes\ConfigManager.java
H:\VecTunes\src\main\java\dev\mrflyn\vectunes\FavouriteTrack.java
H:\VecTunes\src\main\java\dev\mrflyn\vectunes\VecTunes.java
H:\VecTunes\src\main\java\dev\mrflyn\vectunes\commandlisteners\SpotifySetupCommandListener.java
